// Jest Snapshot v1, https://goo.gl/fbAQLP

exports[`should render Login Page correctly 1`] = `
<div>
  <h1>
     Login Page
  </h1>
  <button>
     Log In
  </button>
</div>
`;
